Ms, Ms, Mm, Mm, Mm, Xoa, Xur, Xur, Uu, Uu, Uu, Uu, Uh, Xu, Xur, Uu, Uu^Dr, Uu, Isa, Ur, Qxu, Qxu, Cud, Qxu, Qxu, Uu, Isa, Xur, Xur, Uu, Uu, Xu, Xu, Xu, Ms, Ms
Ms, Ms, Mm, Mm, Hh, Xoa, Xoa, Uh, Uu, Isa^Vud, Isa, Uu^Dr, Isa, Xur, Xur, Uh, Isa, Isa, Isa, Qxu, Cud, Cud, Kf, Uu^Vud, Cud, Qxu, Isa, Uu^Dr, Isa, Isa^Vud, Uu, Rb, Xoa, Xoa, Mm, Ms
Mm, Mm^Es, Mm, Mm, Hh^Efm, Mm, Mm, Xoa, Cud^Efs, Uu, Isa, Isa, Isa, Isa, Isa, Isa, Isa, Isa, Isa, Qxu^Bcx/, Qxu, Cud, Cud, Cud, Qxu, Qxu^Bcx\, Isa, Isa, Isa, Isa, Isa, Cud^Efs, Rb, Mm, Mm, Mm
Hh, Hh, Hh^Efm, Hh, Mm, Mm, Hh^Dr, Ur, Isa, Isa, Isa, Isa, Uu, Isa, Isa, Isa, Xur, Uu^Dr, Uu^Dr, Isa^Efs, Isa, Qxu, Qxu^Bcx|, Qxu, Isa, Isa^Efs, Xur, Uh, Uu, Isa, Isa, Isa, Rb^Ebn, Hh^Dr, Mm, Mm
Gg, Mm, Hh, Gs^Efm, Rb, Hh^Es, Re, Rb, Rb^Ebn, Isa, Isa, Cud^Efs, Uu, Uu, Isa, Uu, Xur, Xur, Uu, Uu, Isa, Isa^Efs, Isa, Isa^Efs, Isa, Xur, Xur, Uu, Xoa, Cud^Efs, Rb, Isa, Rb, Hh^Es, Hh^Efm, Gg
Gg, Mm, Tb, Rb, Mm, Re, Mm, Hh^Efm, Hh^Efm, Rb, Mm, Xoa, Uu^Dr, Isa^Vud, Uu, Uh, Uh, Isa^Vud, Isa, Isa, Xur, Uu, Isa^Vud, Uu, Xur, Isa, Isa^Vud, Uu, Xoa, Mm, Gs^Es, Rb, Mm, Re, Re, Hh
Hh, Hh, Hh, Rb, Hh^Dr, Mm, Mm, Hh, Hh^Fds, Hh^Dr, Mm, Xoa, Xoa, Uh, Uh, Uu, Uu, Uu^Dr, Isa, Isa, Uu, Xur, Uu, Uu, Uu, Xur, Uh, Uu, Xoa, Gs^Efm, Gs, Gs, Mm, Hh^Es, Hh^Es, Rb
Hh, Hh^Fds, Gg^Fds, Re, Gs^Efm, Hh^Efm, Hh, Hh, Hh^Fds, Ww^Ewf, Hh, Hh^Qhh, Hh^Fds, Xoa, Xoa, Xoa, Xoa, Uu, Isa, Isa, Cud^Efs, Uu, Xoa, Uh, Xoa, Uh, Uh^Dr, Xoa, Gs^Qhu, Gs, Gs^Efm, Gs^Qhh, Tb^Efm, Hh, Mm, Mm
Hh, Gg^Fds, Gs^Efm, Rb, Re, Gs^Qhu, Hh, Gg^Fds, Wwg, Wo^Ewl, Gs, Gs^Qhh, Gs^Qhh, Hh^Fds, Xoa, Xu, Xu, Cud^Efs, Isa, Isa, Isa, Xoa, Xoa, Xoa, Uu^Dr, Xoa, Xoa, Xoa, Mm, Gs^Efm, Mm, Gs, Gg, Hh, Wo, Wo
Hh, Hh, Hh^Efm, Hh, Rb, Gs^Efm, Hh^Fds, Hh^Fds, Wo^Wkf, Hh, Hh^Fds, Gg^Fds, Gs^Efm, Tb, Gg^Fds, Xoa, Hh, Isa, Isa, Isa, Isa, Xoa, Xoa, Xoa, Mm, Hh, Mm, Hh, Gs^Qhu, Tb, Gg, Ss, Wwg^Ewl, Wwg, Hh^Tf, Mm
Gg, Mm, Mm, Hh^Fds, Gg^Fds, Rb, Ss, Hh^Tf, Wwg, Hh^Tf, Hh, Gs, Gs, Tb, Gs^Es, Gs, Rr^Vhc, Rb, Hh, Hh^Ebn, Gs^Qhh, Mm, Hh, Gg^Fds, Gs^Efm, Hh, Mm, Mm, Gs, Gg, Wwg, Wwg, Mm, Mm, Hh, Hh
Hh, Mm, Mm, Rb^Vhc, Re, Rb, Wwg, Wo, Sm, Ss, Ss, Gs^Es, Re, Rb, Rb, Gs^Efm, Rb, Rb, Re, Gs^Es, Rb, Mm^Efm, Re, Re, Re, Rb, Re, Gs^Efm, Hh^Fds, Hh^Fds, Wwg^Wkf, Hh, Hh^Tf, Mm, Hh^Fds, Gg
Gg, Hh^Dr, Hh, Hh^Efm, Rb^Efm, Wo, Sm, Sm, Ss, Sm, Gs, Gs, Rb, Gs^Es, Hh, Re, Hh^Efm, Gs^Efm, Hh^Fds, Rb, Hh^Fds, Rb, Hh^Efm, Mm, Mm, Gg^Fds, Mm, Rb, Rb^Efm, Hh, Gs, Wwg^Ewf, Wwg^Wkf, Hh^Fds, Hh^Fds, Gg^Fds
Gg, Hh^Fds, Hh^Fds, Rb, Gg, Wo^Ewl, Wwg^Wkf, Sm, Sm, Gs, Gs^Efm, Gs^Efm, Rb, Hh, Gs, Hh, Hh, Hh, Hh^Fds, Hh, Hh^Fds, Hh^Fds, Hh, Mm, Hh, Gg^Fds, Gg^Fds, Gg^Fds, Gg^Fds, Rb, Rb^Vhc, Gs, Wo, Gg^Fds, Gs^Efm, Gs
Gg^Fds, Hh^Fds, Rb, Re, Ss, Ss, Wwg, Ss, Gs^Qhh, Gs^Qhh, Rb, Rb, Gs, Gs^Efm, Gs, Hh, Hh^Fds, Gs^Tf, Gs^Tf, Hh^Efm, Hh^Fds, Mm, Mm, Hh^Es, Hh^Efm, Mm, Hh, Mm, Mm^Es, Gs, Hh, Wwg, Gg^Fds, Gg^Fds, Gg^Fds, Gs
Hh, Gg^Fds, Rb, Tb, Wo^Wkf, Wo, Gg, Gg^Qhh, Gg^Fds, Gs, Rb, Hh, Hh, Gs, Gs^Efm, Hh, Hh^Fds, Hh, Gs^Qhu, Gs^Es, Mm, Hh^Fds, Hh, Mm, Hh, Mm, Hh^Fds, Mm, Mm^Es, Mm, Hh, Wwg, Hh^Fds, Gg^Fds, Gs^Efm, Hh
Tb^Efm, Gs, Re, Wwg, Gg, Gg^Efm, Hh^Fds, Hh^Fds, Hh^Tf, Gg^Fds, Rb, Mm, Rr^Vhc, Gs, Tb, Gs, Gs^Es, Gs^Qhu, Hh, Hh, Hh, Hh, Gs^Vhh, Mm, Hh, Hh^Efm, Hh^Dr, Mm, Hh^Tf, Hh, Wo, Wwg, Hh^Qhh, Gs^Qhh, Gs^Efm, Gs
Tb, Gs^Efm, Rb, Wwg^Ewf, Wo, Gg^Fds, Hh, Mm, Hh^Tf, Gs, Hh, Re, Re, Hh, Hh, Hh^Es, Hh, Mm, Hh, Hh, Mm, Gs, Hh^Fds, Gg^Fds, Hh, Hh^Dr, Mm, Mm, Hh^Tf, Hh^Fds, Wwg, Ss, Gg^Efm, Hh^Qhh, Gs, Gs
Hh, Mm, Rb^Efm, Gg, Wo, Gg^Fds, Gs^Qhu, Hh^Es, Hh^Es, Hh, Mm, Hh, Rb, Mm, Hh^Fds, Hh^Dr, Mm, Mm, Mm, Mm, Hh, Gs^Efm, Hh, Hh, Gs^Efm, Hh^Fds, Hh, Hh, Hh^Es, Hh, Hh^Es, Wwg, Gg, Hh, Gg^Fds, Gg^Fds
Hh, Rb^Efm, Gg^Fds, Wwg^Ewl, Mm, Hh, Hh, Hh, Mm, Mm, Gs^Es, Re, Hh^Fds, Gs, Hh^Fds, Hh^Fds, Hh, Mm^Es, Hh^Qhh, Hh^Fds, Hh, Hh, Gs^Efm, Gg^Fds, Hh, Gs, Hh, Mm, Hh, Gg, Wwg, Wwg^Ewl, Gg^Es, Tb, Gg^Fds, Hh
Gs^Qhh, Rb, Gg^Es, Wwg, Wwrg, Mm, Hh^Efm, Hh, Hh^Fds, Hh^Efm, Hh, Rb, Gg^Fds, Hh, Gs, Gg^Fds, Gg^Fds, Hh, Hh^Qhh, Hh^Es, Hh, Hh^Fds, Hh^Fds, Hh^Fds, Hh, Hh^Es, Mm, Mm, Hh, Hh, Wo, Gg^Fds, Hh^Fds, Gs^Efm, Gs^Efm, Gs
Rb, Re, Rb, Wwg, Wo^Wkf, Hh^Fds, Gg^Fds, Gs^Dr, Gg^Fds, Gs^Efm, Gs^Efm, Rb, Re, Gg^Fds, Gg^Fds, Hh, Gs^Qhh, Hh^Qhh, Gs^Qhh, Hh^Qhh, Mm, Hh, Hh^Vhh, Hh, Hh, Mm, Hh, Hh^Fds, Hh^Fds, Gg, Wo^Ewf, Gg^Fds, Rb^Vhc, Gg^Fds, Re, Rb
Hh, Hh, Rb, Gg, Gg, Wwg, Wwg, Gg^Es, Gg^Fds, Gs^Qhu, Gg^Fds, Hh, Re, Hh, Gg^Fds, Gs, Hh^Fds, Hh^Fds, Hh, Mm, Gs, Hh, Gs^Es, Mm, Mm, Mm, Hh^Dr, Gg, Wwg, Gg^Fds, Wwg, Gg, Gs^Es, Rb, Gg^Fds, Gg^Fds
Gs^Fds, Hh, Rb^Vhc, Gg^Fds, Hh, Mm, Wo, Gg^Fds, Gg, Gs^Es, Gg^Fds, Rr^Vhc, Rb, Gg^Fds, Gs, Hh, Hh^Fds, Hh, Hh, Mm, Hh^Tf, Hh^Es, Gs, Mm^Es, Hh^Es, Hh, Hh, Wo, Hh, Wwg^Ewl, Mm, Hh^Fds, Hh^Fds, Hh, Hh^Efm, Gg
Mm, Hh^Efm, Hh^Efm, Hh^Fds, Mm, Hh^Fds, Hh^Efm, Wo^Wkf, Gg^Efm, Gs, Hh, Gs, Gs, Rb, Re, Gs, Rb^Gvs, Rb^Gvs, Gg, Mm, Hh^Tf, Hh, Hh, Gs^Efm, Gg, Gg, Ss, Wwg, Gg, Hh^Efm, Hh^Efm, Mm, Hh^Es, Mm, Hh, Gg
Mm, Mm, Hh, Gs, Gs^Tf, Hh, Gg^Fds, Wwg, Wwg, Hh^Fds, Hh, Hh, Hh^Fds, Gs^Efm, Rb, Gs, Gg, Rb^Gvs, Wo, Gg, Wwg^Wkf, Gg, Hh, Hh, Wwg^Wkf, Wo, Wwg^Wkf, Wwg, Gg^Qhh, Gg^Fds, Hh^Fds, Hh, Hh, Gg^Fds, Mm, Mm
Hh, Hh, Gg^Fds, Gg^Fds, Gg^Fds, Gg^Fds, Hh^Efm, Wwrg, Wwg^Ewf, Hh, Mm, Mm, Mm, Gs, Gs^Efs, Rb^Efs, Wwg^Bsb\, Wo, Ur^Ebn, Wo, Gg, Wwg, Wwg^Ewf, Wwg^Ewl, Sm, Sm, Hh, Gg, Hh^Es, Hh, Hh^Fds, Hh, Gs^Efm, Hh^Fds, Hh^Fds, Hh
Gg^Fds, Gg^Fds, Gs, Tb^Efm, Tb, Hh, Gs^Qhu, Hh, Wo, Hh^Efm, Hh^Tf, Hh^Fds, Hh^Fds, Mm, Gs^Efm, Gg^Efm, Wo, Ur, Ur, Kh, Ch, Ss, Sm, Sm^Ewf, Sm, Ss, Hh, Hh, Hh^Fds, Hh^Fds, Gs^Tf, Gs^Tf, Gg^Fds, Gs, Gg^Fds, Gg^Fds
Hh, Hh^Fds, Hh^Fds, Gs^Efm, Gs, Gs^Es, Gs^Qhu, Gg^Es, Wo, Hh, Gg^Efm, Hh^Fds, Hh^Es, Hh^Dr, Gg, Gg, Wo, Kh, Isr, Ur, Isr^Vhc, Ch, Gs^Vhc, Gs^Dr, Gs^Eff, Gs^Wm, Gs^Efm, Hh, Hh^Fds, Gs^Efm, Gs, Hh^Fds, Hh^Es, Gs^Efm, Gs, Gg^Fds
Hh, Hh^Fds, Hh^Fds, Gg^Fds, Gg^Fds, Gs^Efm, Rb^Gvs, Rb^Gvs, Wwg, Wwrg, Wwrg, Gg^Es, Hh, Gg^Dr, Wwg^Ewf, Gg, Wo, Ch, Isr^Vhc, Ur, Ur, Kh, Gs^Ebn, Gs^Eff, Rb^Gvs, Gs^Eff, Hh^Fds, Hh^Fds, Hh^Es, Hh^Fds, Gg^Fds, Hh, Gs, Rb^Vhc, Rb, Gs
Gs, Hh, Hh^Fds, Hh, Hh, Gs, Gs, Rb^Gvs, Rb^Vhc, Wo^Ewl, Wo^Wkf, Ss, Wo, Wwg, Ch, Wo^Wkf, Ch, Ch, Isa, Ur, Ur, Rb, Rb, Gs^Eff, Gg^Eff, Gg^Eff, Gs^Efm, Hh, Hh, Hh^Tf, Hh, Gg^Fds, Gg^Fds, Rb, Gs^Es, Re
Gs, Rb^Vhc, Rb, Re, Re, Rb, Rb, Gs^Fds, Rb, Gg^Fds, Gg^Fds, Wo, Wo^Wkf, Kh, Isr^Vhc, Ch, Isr^Vhc, Isa, Isa, Isr^Vhc, Ch, Kh, Gs^Ebn, Rb, Rb, Re, Re, Gs^Qhu, Rb, Hh^Fds, Hh^Fds, Gg^Fds, Re, Rb, Hh^Es, Gs
Re, Rb, Gg^Fds, Gg^Fds, Gg^Es, Hh, Gg^Fds, Rb, Gg^Gvs, Re, Gs^Efm, Hh, Wo, Wo, Isa, Isa, Isa, Isa, Ch, Ch, Rb^Eff, Rb^Eff, Hh^Eff, Gg^Fds, Gg, Hh^Fds, Gg^Fds, Rb, Hh^Fds, Rb, Ce, Ce, Ce, Gs, Gs^Qhu, Gs^Qhu
Gs, Gs^Es, Gs, Gg^Fds, Hh^Fds, Hh^Fds, Hh^Tf, Gg^Gvs, Gg^Gvs, Rb, Gs^Ebn, Ch, Isa, Wwg^Bsb/, Wo, Ur, Kh, Ch, Rb^Eff, Rb^Eff, Rb^Emf, Rb^Emf, Hh, Hh^Fds, Gg^Fds, Hh, Hh, Hh, Hh, Ce, Gg^Fds, Ke, Ce, Gs^Qhu, Gg^Fds, Gg^Fds
Gs, Hh^Fds, Hh, Hh^Efm, Hh^Tf, Hh, Hh^Tf, Hh, Rb^Vhc, Re, Rb, Kh, Rb, Isa, Ch, Wo^Wkf, Hh, Hh^Dr, Mm, Rb^Eff, Hh, Hh, Gs, Hh, Mm, Mm, Mm, Mm, Hh, Gs^Qhh, Gs^Qhh, Re, Re, Gs, Hh, Hh
Gs^Fds, Hh, Gs^Efm, Gs, Gg^Fds, Gs, Rb^Eff, Gs^Wm, Rb^Eff, Rb^Eff, Rb^Eff, Re^Efs, Rb^Efs, Kh, Gg, Wo, Wwg, Hh, Gs^Fds, Hh, Hh, Gg^Fds, Gg^Fds, Hh, Mm, Mm, Mm, Mm, Hh, Hh^Efm, Tb, Gs, Rb, Hh^Efm, Gs, Gs
Gs, Hh, Gs, Gs^Es, Rb^Eff, Rb^Eff, Rb^Emf, Rb^Eff, Rb^Eff, Rb^Gvs, Rb^Eff, Rb^Eff, Rb, Gg^Ebn, Ss, Wwg, Wwrg, Gg^Tf, Rb^Eff, Rb^Eff, Rb^Eff, Gg^Fds, Gg^Fds, Hh, Hh, Mm, Hh, Hh, Hh, Tb, Rb^Vhc, Rb, Gs^Qhh, Gs^Qhh, Gs^Fds, Hh
Gs, Gs^Es, Rb^Eff, Rb^Eff, Rb^Eff, Rb^Emf, Rb^Emf, Rb^Emf, Rb^Eff, Rb^Eff, Gs^Fds, Gs, Rb, Rb^Vhc, Wo^Wkf, Wwg, Gs^Fds, Rb^Eff, Rb^Eff, Rb^Gvs, Rb^Eff, Rb^Vhc, Rb, Gg^Fds, Hh^Fds, Hh, Gs, Gs, Gs, Gg^Fds, Rb, Re, Gs^Qhh, Gs^Fds, Gs^Es, Gs
Rb^Eff, Rb^Eff, Rb^Gvs, Rb^Gvs, Rb^Eff, Rb^Eff, Rb^Eff, Rb^Eff, Tb^Tf, Tb^Tf, Tb, Gs, Rb, Gg^Efm, Wwg^Ewl, Wwg, Rb^Eff, Rb^Eff, Rb^Emf, Rb^Eff, Rb^Eff, Gg^Fds, Re^Efm, Hh, Gs, Gg^Fds, Re, Rb, Rb, Re, Hh^Efm, Gs, Gs^Fds, Hh^Es, Gs^Fds, Gs^Fds
Gs^Qhh, Rb^Eff, Rb^Eff, Rb^Eff, Rb^Gvs, Rb^Gvs, Rb^Gvs, Rb^Eff, Rb^Eff, Gs^Fds, Gs, Gs^Efm, Re, Gg^Fds, Wwg, Wo, Gg^Es, Rb^Eff, Rb, Rb^Eff, Gs^Tf, Gs, Hh^Efm, Rb, Rb, Rb, Rb, Hh, Gs, Hh, Hh, Gs, Hh, Gs^Fds, Hh, Gs^Fds
Hh^Qhh, Hh^Qhh, Hh^Qhh, Rb^Eff, Rb^Eff, Rb^Gvs, Rb^Eff, Rb^Eff, Hh, Gs, Gs^Es, Gs, Re, Wo, Wwrg, Gg, Gg^Fds, Gs^Efm, Hh^Fds, Hh, Gs, Gg^Fds, Gs^Es, Gs^Qhu, Hh^Efm, Gg^Fds, Rb, Hh^Fds, Hh^Efm, Hh^Es, Mm, Gs^Fds, Hh^Fds, Gs^Fds, Gs^Fds, Hh
Mm, Mm, Mm, Hh^Efm, Hh, Rb^Es, Gs^Efm, Rb^Vhc, Gs, Gs^Efm, Gs^Efm, Hh, Hh^Es, Rb, Wo, Wwg, Wo^Wkf, Gg, Gg, Gs^Fds, Gs, Gs^Efm, Gs^Qhu, Gs^Qhu, Hh, Hh, Re, Gs, Hh, Mm, Mm, Hh^Efm, Gs^Fds, Hh^Fds, Gs^Efm, Gs^Fds
Mm, Mm, Mm, Hh^Efm, Gs^Qhh, Gs, Hh, Rb, Gg^Fds, Gs^Efm, Gs^Efm, Gs^Es, Gs^Tf, Rb, Ss, Wwg, Wwg, Wo^Ewf, Gg, Gs^Fds, Gs, Hh, Gs, Gg^Fds, Gs, Re, Gs^Efm, Gs, Gs, Hh^Es, Hh, Gs^Fds, Gs^Fds, Gs^Efm, Hh^Efm, Gs
Hh, Mm, Mm^Efm, Hh, Gg^Fds, Gg^Fds, Rb, Re, Gs, Gs, Hh, Hh^Es, Gg^Fds, Re, Wo, Wwg, Ss, Ss, Gg, Gg^Es, Gg^Es, Gs, Hh, Gs, Ss, Rb, Rb, Gg^Fds, Rb, Gs^Efm, Hh^Efm, Hh, Re, Re^Vhc, Tb, Hh
Gg, Hh, Gs^Fds, Hh, Rb, Re, Hh, Rb, Re, Gs, Rb, Gs^Tf, Re, Rb, Gg^Efm, Wwrg, Wwg, Gg, Wo^Wkf, Wo, Wwrg, Gg^Fds, Gg^Fds, Ss, Wo, Ss, Rb, Rb, Gs^Fds, Re, Rb, Rb, Gs^Fds, Gs, Gs^Fds, Gs^Fds
Gg, Hh^Efm, Gs^Fds, Rb^Vhc, Gs, Gs^Efm, Gs^Qhu, Gg^Fds, Gs^Es, Re, Rb^Vhc, Rb, Gg^Fds, Gg^Es, Gg^Fds, Wo, Gg^Qhh, Wwrg, Wwg^Ewf, Wwg, Gg, Wwg, Wwrg, Wwg, Wo^Wkf, Wo^Ewf, Gs^Fds, Rb^Vhc, Gs, Gs^Es, Gs^Fds, Gs, Rb, Gs^Fds, Gs^Fds, Gs^Fds
Gs^Fds, Gg, Hh^Fds, Gs^Fds, Gs^Fds, Gs^Qhu, Hh^Fds, Gs^Qhu, Gs^Fds, Gs, Gg^Fds, Rb, Re, Gs^Efm, Re, Gg, Hh, Gg^Qhh, Gg^Es, Gg, Gg, Wwg, Gg^Efm, Wwg, Wwg, Wo^Wkf, Wo, Gs^Fds, Gg, Gs, Gs, Rb, Ket, Ce, Ce, Rb
Gg, Hh, Gs^Fds, Gs^Efm, Gs^Efm, Gs^Es, Hh^Fds, Gs, Gs^Fds, Gs^Fds, Gs^Fds, Gs, Rb, Rb, Hh, Rb, Re, Hh, Rb, Gs^Efm, Hh, Gg^Es, Gs, Gg, Gg^Fds, Wwg^Ewl, Wo, Wwg, Gg^Fds, Gg^Efm, Gs^Fds, Ce, Ce, Ce, Ce, Rb
Gs^Fds, Gs^Fds, Rb, Rb^Fds, Rb, Gs^Fds, Gs^Fds, Gs^Fds, Hh, Gs, Gs^Efm, Rb, Gg^Fds, Hh^Es, Gs, Gs, Gs^Efm, Rb, Gs^Fds, Rb, Re, Hh, Rb^Efm, Gs^Fds, Rb^Vhc, Gg^Fds, Wwrg, Ss, Gg^Fds, Gs, Gs^Fds, Ce, Ce, Ce, Gs^Fds, Gs
Rb, Rb, Ce, Ce, Ket, Rb, Rb, Hh^Fds, Rb, Gs, Re, Rb, Gs^Es, Gs, Hh, Gs, Rb, Rb, Ce, Ce, Rb, Rb, Gs, Re, Gs^Fds, Rb, Wwg, Wwg, Gg^Fds, Gs^Fds, Gs^Fds, Gs^Fds, Rb, Rb, Gs^Fds, Gs^Fds
Rb, Ce, Ce, Ce, Ce, Ce, Rb, Rb, Gs^Fds, Rb, Re, Gs, Gs^Fds, Gg^Fds, Gs^Qhh, Gs^Tf, Ce, Ket, Ce, Ce, Rb^Es, Gs^Efm, Hh^Fds, Hh^Fds, Gs^Fds, Ss, Wo, Wo^Wkf, Wwrg, Gg, Gg^Fds, Gs^Fds, Gs^Fds, Gs^Efm, Gs, Gs
Hh, Gs^Efm, Rb, Ce, Rb, Gs^Fds, Gs^Fds, Gs, Gs^Fds, Gs^Fds, Rb, Gs^Fds, Gs^Vhc, Gs^Qhh, Gs^Qhh, Gs, Rb, Ce, Ce, Ce, Gs^Fds, Gs^Fds, Gs^Es, Hh^Efm, Gs, Gs^Fds, Gg, Gg^Fds, Wo, Wwg, Gg^Fds, Gs, Gs^Fds, Gs^Es, Hh, Hh
Hh, Hh, Gs, Rb, Gs^Efm, Gs, Gs, Gs, Gs, Gs, Gs, Re, Gs^Fds, Gs^Efm, Gs, Hh, Hh, Rb, Gs, Gs, Gs, Gs, Gs^Fds, Gs, Hh, Gs^Efm, Gs, Wo^Wkf, Wo, Wo^Ewl, Gs, Gs, Gs, Gs, Gs, Gs
