Gs, Gs, Gs^Fms, Gg, Gg^Fds, Gg^Fds, Gg, Gg^Fds, Gs, Gg, Gg^Fds, Gg, Gg, Gg^Fds, Gd, Gg^Fds, Gg^Fds, Gg^Fds, Gg, Gg, Gs^Fms, Gg, Gg^Fds, Gg, Gg^Fds, Gg, Gg^Fds, Gg^Fds, Gg, Gg^Fds, Gs, Gg
Gg, Gg, Gs, Gg^Fms, Gg, Gd^Efm, Gg^Efm, Gs^Fms, Gg^Fms, Gg, Gg^Fms, Gs^Efm, Gg^Efm, Gg^Fms, Gg^Fds, Gd, Gg^Efm, Gg^Fds, Gg^Fds, Gg^Efm, Gg^Fms, Gg^Fds, Gg, Gg, Gg^Fms, Gg, Gd, Gg^Fms, Gg, Gs^Fds, Gs^Fds, Gg
Gg, Gs^Fms, Gs^Fms, Gg, Gs^Fms, Gg^Fms, Gd^Efm, Gg, Gg^Esd, Gg^Fms, Gg^Ve, Gg^Efm, Gg, Gg^Fds, Gg, 1 Gd^Efm, Gg, Gg^Esd, Aa, Gg^Efm, Gg^Fds, Gs, Gg^Fms, Gs, Gg^Fds, Gg^Fms, Gs^Fds, Gg^Ve, Gs^Esd, Gg^Efm, Gs, Gg^Fds
Gg, Gs^Fms, Gg^Fms, Gg^Efm, Gg^Efm, Gg^Fms, Gs^Fds, Gs^Efm, Gg^Fms, Gg^Fms, Gg^Efm, Gs^Fds, Gg, Gg^Fms, Gg^Fds, Gd, Aa^Fda, Aa^Fda, Kea, Aa^Fma, Aa^Fma, Gd^Fds, Gg, Gg, Gs, Gs, Gg, Gg, Gg^Fds, Gd^Efm, Gs^Efm, Gg
Gg^Fms, Gs^Fms, Gs, Gd^Fms, Gg^Fms, Gg, Gs, Gs^Fms, Gs^Fms, Gs^Efm, Gg, Gg^Fms, Gg^Fds, Gg^Efm, Gg^Fds, Aa, Aa, Cea, Cea, Cea, Aa^Fda, Aa^Fma, Gg^Fms, Gg^Fds, Gs, Gg^Fds, Gs^Esd, Gg^Fds, Gg, Gg, Gg^Efm, Gg^Fds
Gg^Fms, Gg^Fms, Gg^Fms, Gg, Gs^Esd, Gs^Fms, Gg^Fms, Gs^Fds, Gs, Gs^Fms, Gg, Gg^Fds, Gg^Efm, Gg, Gg^Fds, Gg, Gg^Fms, Aa, Aa, Cea, Aa^Fda, Aa^Fda, Gg^Fds, Gg^Fds, Gg, Gg^Fms, Gs^Fms, Gg^Fds, Gg^Fds, Gg^Efm, Gg, Gg^Fds
Gg, Gd^Fms, Gg^Esd, Gg^Fms, Gg^Ve, Gg^Fds, Gg, Gs, Gg, Gg^Fds, Gd, Gg^Efm, Gg^Fms, Gg^Efm, Gg^Fms, Gg^Fms, Gg^Fds, Gg^Efm, Gg^Efm, Aa, Gg, Gg^Efm, Gg, Gs, Gg, Gg^Fds, Gg, Gs, Gg^Fds, Gg, Gg^Fds, Gg
Hh, Gg, Gg^Fms, Gg, Gs^Efm, Gs^Fms, Gd^Fms, Gg^Fms, Gs^Fds, Gg^Efm, Gg^Efm, Gs^Fms, Gs^Fds, Gs^Efm, Gg^Vwm, Gg^Fds, Gg, Gg^Fds, Gg^Fds, Gd, Gg^Fds, Gg^Fms, Gg^Fds, Gg, Gg^Fds, Gs, Gs^Efm, Gd, Gg^Ve, Gs^Fds, Gd^Fds, Gg
Mm, Hh^Fp, Gg^Fms, Gs^Efm, Gs^Fms, Gg, Gs^Fms, Gs, Gg, Gg^Efm, Gg, Gg^Fms, Gg, Gg, Gs^Fms, Gs, Gg, Gg^Efm, Gg^Fet, Gd^Efm, Gd, Gg^Fds, Gg^Fms, Gg, Gg^Efm, Gg^Fds, Gg, Gg, Gg^Efm, Gg^Fms, Gs^Fds, Gs^Fms
Hh, Hh^Fp, Hh, Gg, Gs^Fms, Gg^Efm, Gd, Gg^Efm, Gg^Fms, Gg^Fms, Gg^Fet, Gg^Efm, Ss, Gs^Fms, Ss, Gg, Wwr, Dd, Wwg, Ss, Gd, Gg^Fds, Gg^Fds, Gg, Gg^Efm, Gg, Gg^Fds, Gg^Fms, Gg^Efm, Gg^Fds, Gg^Efm, Gg
Gg, Mm^Fp, Gs^Fp, Gg^Efm, Gg^Efm, Gg^Fms, Gg^Fms, Gd^Fms, Wwg^Ewf, Wwg^Wkf, Wo, Wwr, Wwg, Gg^Fms, Wo, Wwg^Ewf, Wo^Wkf, Wo^Wkf, Wo, Wwg^Ewf, Wwg^Bsb/, Gd, Gg^Fet, Gg^Fds, Gg^Efm, Gg^Efm, Gg, Gg^Fds, Gg^Fds, Gg, Gs^Esd, Gg^Fds
Gg, Gg^Fp, Gd, Gs, Gg^Fms, Gs, Ss^Efm, Ss, Wwr, Wo, Wwg, Wo, Wo^Ewf, Wo^Wkf, Wo, Wwg^Wkf, Wo, Wo, Wwg, Gd, Gd^Ii, Wwg, Wwg^Wkf, Dd, Ss, Gg, Gg^Fds, Gg^Fds, Gg^Fds, Gg^Fds, Gg^Efm, Gd
Gg, Gs^Fp, Gg, Gg^Fp, Gg^Fms, Gg^Efm, Wwg, Wwg, Wo^Wkf, Wo, Wwr, Gd^Ve, Gg^Fet, Wwr, Wwg, Wo, Wo, Wwg^Wkf, Wwg^Bsb/, Gd, Wo^Ewf, Wo^Wkf, Wo, Wwr, Wwg, Wwg^Ewf, Wwg^Wkf, Gs^Esd, Gd^Fds, Gg^Efm, Gg, Gg^Fds
Hh^Fp, Gg^Esd, Gg, Gs^Fms, Gg^Efm, Dd, Wwg^Ewf, Wo, Wo, Wo^Ewf, Gg^Fet, Gd^Ii, Gd^Ve, Gd^Ii, Gd^Gvs, Wwg^Ewl, Gd^Fet, Gd, Gg^Efm, Wwg, Wwg, Wo, Gd^Ii, Wo, Wo, Wo^Wkf, Wwr, Ss, Gg^Efm, Gg^Fds, Gg^Fds, Gd
Gg^Fp, Hh^Fp, Gg^Fp, Gg^Efm, Gs^Fp, Dd, Wwr, Wo^Wkf, Wo, Wwr, Gg^Ii, Gg^Gvs, Wwr, Gg^Fet, Wwg, Wwg^Bsb\, Gd^Efm, Gd^Ii, Cv, Cv, Kv, Cv, Cv, Gg^Fet, Wwr, Wo^Ewf, Wwg, Dd, Gs, Gg^Esd, Gg, Gg
Gg^Fms, Hh, Gg^Fp, Gs, Gg^Efm, Gg^Efm, Wwr, Wwr^Wkf, Wo, Wwg, Wwg, Wo, Wo, Wwg^Ewl, Wwr, Wwg, Gd^Fet, Cv, Rrc, Rrc^Ve, Rrc, Rrc, Rrc, Cv, Wwg, Wo, Wo^Wkf, Gg^Ve, Wo^Ewf, Wwr, Wo^Wkf, Wo
Gg, Gg, Gg^Ve, Gg^Fms, Gg^Efm, Gg^Fds, Ss, Wwr, Wwr, Wo^Ewl, Wo, Wo^Wkf, Wwg, Wwg, Wwg^Bsb/, Gd, Gd^Ii, Gd, Cv, Rrc, Rrc, Rrc^Ve, Cv, Gd^Ii, Wwg^Bsb\, Wo, Wwg^Wkf, Wo, Ss, Gs, Gg^Fds, Gg
Hh, Gg, Hh^Fp, Gg, Gs, Gg^Fet, Dd, Wwg, Wo^Wkf, Wo, Wwr, Wo, Gg^Ve, Gd, Wo, Wwg^Ewl, Gg^Gvs, Gg^Gvs, Gd^Ii, Cv, 2 Kv, Cv, Gg, Wwr, Wo, Wwg^Bsb\, Wwg^Bsb\, Wwg, Gg^Fds, Gg, Gg^Fds, Gs^Fms
Mm, Hh, Gg^Fp, Hh^Fp, Hh, Gg^Efm, Gg^Fp, Gg^Efm, Wwr, Wo^Ewf, Wo, Gg^Fet, Gg^Efm, Gd^Ii, Wwg, Wo^Wkf, Wwr, Gg^Fet, Gg, Gg^Ve, Gd^Ii, Gg^Fet, Wwg^Ewf, Wwg^Wkf, Wo, Wwg, Wwg^Ewl, Gd, Gd, Gg, Gd^Efm, Gd
Hh^Fp, Mm, Hh^Fp, Gg^Efm, Gg, Gs^Fms, Gs, Ss^Esd, Wo, Wo, Wo, Wwr, Gg^Fet, Gd^Fet, Gg^Ve, Wo, Wwg, Gg^Ve, Gd^Ii, Gg^Gvs, Gg^Gvs, Wwr, Wo, Wo^Ewf, Wwg^Wkf, Wwg, Dd, Gg^Fds, Gg, Gd^Efm, Gg^Fms, Gg
Hh^Fp, Gg, Gs, Gs^Fms, Gg^Fp, Gg^Efm, Wwg, Wo, Gg^Efm, Wo^Ewf, Wwr, Wo, Wwg^Bsb/, Gd^Ii, Wwg, Wo^Wkf, Wo, Wwr, Wwg, Gg^Fet, Wwg, Wwg, Wo^Wkf, Wo, Wwr, Gg^Fet, Gs, Gg^Fds, Gg^Efm, Gg^Fms, Gg, Gg
Gg, Hh^Fp, Hh^Fp, Gs^Efm, Gg^Efm, Wo, Gg, Gg^Efm, Gd, Gg^Fms, Gd, Wwg^Bsb/, Wwr, Wo, Wo^Wkf, Wo, Wo, Wo, Wo, Wwg, Wo^Wkf, Wo, Wo, Wwg^Wkf, Gs, Gg, Gs^Fms, Gs, Gd, Gg^Efm, Gg^Efm, Gs^Fms
Gg, Gg^Fp, Gg^Efm, Gg^Fp, Gg^Fms, Wwg, Wwg, Gg^Fp, Gg^Fp, Gg^Fms, Gd, Gg^Fet, Ss, Wwg^Ewl, Wwr, Wwg, Wo, Wo^Wkf, Wwg^Ewf, Wo, Wo, Wwg^Ewl, Wwr, Wwg^Wkf, Gg, Gs^Fms, Gd, Gg^Fds, Gg^Fms, Gg^Fms, Gg^Vwm, Gs^Fms
Mm, Gg, Gg^Fp, Gg^Fms, Hh, Hh^Fms, Wwg, Gd, Hh, Gg^Fp, Gd, Gd^Fms, Gg^Fds, Gs^Fms, Gg^Fms, Wwg^Ewf, Ss, Wwg, Wwr, Wwg^Ewf, Gg^Fet, Gg, Gg, Gg^Fds, Gs, Gg, Gs^Fms, Gg, Gg, Gd^Fms, Gs^Efm, Gg
Gg^Fp, Mm^Fp, Hh^Fp, Gg^Fms, Gg^Esd, Hh, Wwg, Gg, Hh^Fp, Gg^Fp, Gd, Gg^Fms, Gg^Fp, Gg^Fms, Gg^Fms, Ss, Gg, Gg^Efm, Gs^Fds, Dd, Gg, Gg^Efm, Gg^Efm, Gg^Fms, Gs, Gg^Fms, Gg, Gs^Fds, Gs^Efm, Gs, Gg, Gg
Wwg, Hh^Fp, Wwg, Gg, Wwg, Wwg, Gs, Hh^Fp, Hh^Fp, Gg, Gg^Fms, Gd^Efm, Gg^Fms, Gg, Gg^Fms, Gg^Fms, Gg^Efm, Gs^Fds, Gg^Fms, Gs, Gg^Fms, Gd, Gg, Gg^Fms, Gg, Gg, Gg^Fds, Gg^Esd, Gg^Efm, Gs^Fms, Gs^Fms, Gs^Fms
Hh^Fp, Wwg, Hh, Wwg, Gg^Efm, Gg^Efm, Gg^Fms, Hh, Gg^Fp, Gg, Gg^Efm, Gd^Efm, Gg^Fp, Gg^Esd, Gs^Fms, Gs, Gg^Fms, Gg^Fms, Gg, Gs, Gg^Fms, Gg^Efm, Gs^Fms, Gg^Fms, Gs^Fms, Gd^Fms, Gg^Fms, Gg, Gs^Fds, Gg, Gg^Efm, Gg
Hh^Fp, Hh^Fp, Hh^Fp, Gs^Efm, Hh^Fp, Gg^Fp, Gs, Gs^Fms, Gs, Gd^Fms, Gg^Ve, Gd, Gd, Gg, Gg, Gg^Efm, Gg^Fp, Gg^Efm, Gg, Gs^Fms, Gd^Fms, Gg^Fms, Gs, Gg, Gg^Ve, Gg^Fds, Gg^Fms, Gg, Gs^Fms, Gg, Gg, Gg
Hh^Fp, Hh^Fp, Gg^Efm, Gs, Hh, Gg, Gs^Efm, Gs^Fms, Gs^Fp, Gg, Gs^Fms, Gd, Gg^Fms, Gd^Efm, Gg^Fds, Gg^Fds, Gg, Gs, Gs^Fms, Gs^Fds, Gd^Fds, Gg, Gs^Fms, Gg^Efm, Gg, Gg^Fms, Gg, Gg, Gs^Efm, Gg^Esd, Gg, Gg^Fms
Gg, Gg, Gs^Efm, Gg, Gs, Gd, Gg^Fp, Gd^Fp, Gd^Fp, Gg, Gg^Fms, Gg^Fms, Gg^Fp, Gd, Gg^Fds, Gg^Efm, Gg, Gg^Fms, Gg^Fms, Gg^Fms, Gs, Gg^Fms, Gg^Fds, Gg^Fms, Gg, Gs^Fms, Gs^Efm, Gg^Fds, Gs, Gd^Fms, Gg, Gg^Fms
Gg, Gg^Fp, Gg^Fp, Gs^Fp, Gs^Fp, Gs, Gg^Fp, Hh^Fp, Hh, Gg^Fp, Gg, Gg, Gd, Gd, Gg^Fms, Gg, Gg^Esd, Gg^Fds, Gg, Gg^Efm, Gg, Gg^Fms, Gg^Fms, Gd^Fds, Gg^Fms, Gg^Fms, Gg, Gg^Efm, Gg^Efm, Gg^Fms, Gg^Fms, Gg
Gg, Gg, Hh, Hh, Hh, Hh^Fp, Hh, Hh, Hh, Hh^Fp, Gg, Gg^Fms, Gd^Efm, Gg^Fms, Gg, Gg, Gg^Fms, Gg^Fms, Gg, Gg, Gg^Fms, Gg^Fms, Gg^Fms, Gg^Fms, Gg, Gg^Fms, Gg^Fms, Gg, Gg, Gg, Gg, Gg
