Aa, Aa, Aa^Fma, Aa, Aa^Fda, Aa^Fda, Aa, Aa^Fda, Aa, Aa, Aa^Fda, Aa^Fda, Aa, Aa^Fds, Aa, Aa^Fda, Aa^Fda, Aa^Fda, Aa, Aa, Aa^Fma, Aa, Aa^Fda, Aa, Aa^Fda, Aa, Aa^Fda, Aa^Fda, Aa, Aa^Fda, Aa, Gg
Aa, Aa, Aa, Aa^Fma, Aa, Aa^Efm, Aa^Efm, Aa^Fma, Aa^Fma, Aa, Aa^Fma, Aa^Efm, Aa^Efm, Aa^Fma, Aa^Fda, Aa, Aa^Efm, Aa^Fda, Aa^Fda, Aa^Vea, Aa^Fma, Aa^Fda, Aa, Aa, Aa^Fma, Aa, Aa, Aa^Fda, Aa, Aa^Fda, Aa^Fda, Aa
Aa, Aa^Fma, Aa^Fma, Aa, Aa^Fma, Aa^Fma, Aa^Efm, Aa, Aa^Esd, Aa^Fma, Aa^Vea, Aa^Efm, Aa, Aa^Fda, Aa, Aa^Efm, Aa, Aa^Esd, Aa^Efm, Aa^Efm, Aa^Fda, Aa, Aa^Fma, Aa, Aa^Fda, Aa^Fma, Aa^Fda, Aa^Vea, Aa^Esd, Aa^Efm, Aa, Aa^Fda
Aa, Aa^Fma, Aa^Fma, Aa^Efm, Aa^Efm, Aa^Fma, Aa^Fda, Aa^Efm, Aa^Fma, Aa^Fma, Aa^Efm, Aa^Fda, Aa, Aa^Fda, Aa^Fda, Aa, Aa^Fda, Aa^Fda, Aa^Efm, Aa^Fma, Aa^Fma, Aa^Fda, Aa, Aa, Aa, Aa, Aa, Aa, Aa^Fda, Aa^Efm, Aa^Efm, Aa
Aa^Fma, Aa^Fma, Aa, Aa^Fma, Aa^Fma, Aa, Aa, Aa^Fma, Aa^Fma, Aa^Efm, Aa, Aa^Fma, Aa^Fda, Aa^Efm, Aa^Fda, Aa, Aa^Efm, Aa^Fda, Aa^Fda, Aa^Fda, Aa^Fda, Aa^Fma, Aa^Fma, Aa^Fda, Aa, Aa^Fda, Aa^Esd, Aa^Fda, Aa, Aa, Aa^Efm, Aa^Fda
Aa^Fma, Aa^Fma, Aa^Fma, Aa, Aa^Esd, Aa^Fma, Aa^Fma, Aa^Fda, Aa, Aa^Fma, Aa, Aa^Fda, Aa^Efm, Aa, Aa^Fda, Aa, Aa^Fma, Aa^Efm, Aa, Aa^Fda, Aa^Fda, Aa^Fda, Aa^Fda, Aa^Fda, Aa, Aa^Fma, Aa^Fma, Aa^Fda, Aa^Fda, Aa^Efm, Aa, Aa^Fda
Aa, Aa^Fma, Aa^Esd, Aa^Fma, Aa^Vea, Aa^Fda, Aa, Aa, Aa, Aa^Fda, Aa, Aa^Efm, Aa^Fma, Aa^Efm, Aa^Fma, Aa^Fma, Aa^Fda, Aa^Efm, Aa^Efm, Aa, Aa, Aa^Efm, Aa, Aa, Aa, Aa^Fda, Aa, Aa, Aa^Fda, Aa, Aa^Fda, Aa
Ha, Aa, Aa^Fma, Aa, Aa^Efm, Aa^Fma, Aa^Fma, Aa^Fma, Aa^Fda, Aa^Efm, Aa^Efm, Aa^Fma, Aa^Fda, Aa^Vea, Aa^Vwm, Aa^Fda, Aa, Aa^Fda, Aa^Fda, Aa, Aa^Fda, Aa^Fma, Aa^Fda, Aa, Aa^Fda, Aa, Aa^Efm, Aa, Aa^Vea, Aa^Fda, Aa^Fda, Aa
Ms, Ha^Fma, Aa^Fma, Aa^Efm, Aa^Fma, Aa, Aa^Fma, Aa, Aa, Aa^Efm, Aa, Aa^Fma, Aa, Aa, Aa^Fma, Aa, Aa^Feth, Aa^Efm, Aa^Fda, Aa^Efm, Aa, Aa^Fda, Aa^Fma, Aa, Aa^Efm, Aa^Fda, Aa, Aa, Aa^Efm, Aa^Fma, Aa^Fda, Aa^Fma
Ha, Ha^Fma, Ha, Aa, Aa^Fma, Aa^Efm, Aa^Feth, Aa^Efm, Aa^Fma, Aa^Fma, Aa^Fda, Aa^Efm, Ai, Aa^Fma, Ai, Aa, Ai, Ai, Ai, Ai, Aa, Aa^Fda, Aa^Fda, Aa, Aa^Efm, Aa, Aa^Fda, Aa^Fma, Aa^Efm, Aa^Fda, Aa^Efm, Aa
Aa, Ms^Fpa, Aa^Fpa, Aa^Efm, Aa^Efm, Aa^Fma, Aa^Fma, Aa^Fma, Ai, Ai, Ai, Ai, Ai, Aa^Fma, Ai, Ai, Ai, Ai, Ai, Ai, Ai^Bsb/, Aa, Aa^Fda, Aa^Fda, Aa^Efm, Aa^Efm, Aa, Aa^Fda, Aa^Fda, Aa, Aa^Esd, Aa^Fda
Aa, Aa^Fpa, Aa, Aa, Aa^Fma, Aa, Ai, Ai, Ai, Ai, Ai, Ai, Ai, Ai, Ai, Ai, Ai, Ai, Ai, Aa, Aa^Ii, Ai, Ai, Ai, Ai, Aa, Aa^Fda, Aa^Fda, Aa^Fda, Aa^Fda, Aa^Efm, Aa
Aa, Aa^Fpa, Aa, Aa^Fpa, Aa^Fma, Aa^Efm, Ai, Ai, Ai, Ai, Ai, Aa, Aa^Feth, Ai, Ai, Ai, Ai, Ai, Ai^Bsb/, Aa, Ai, Ai, Ai, Ai, Ai, Ai, Ai, Aa^Feth, Aa^Fda, Aa^Efm, Aa, Aa^Fda
Ha^Fpa, Aa^Esd, Aa, Aa^Fma, Aa^Efm, Ai, Ai, Ai, Ai, Ai, Aa^Feth, Aa^Ii, Aa^Vea, Aa^Ii, Aa, Ai, Aa^Feth, Aa, Aa^Efm, Ai, Ai, Ai, Aa^Ii, Ai, Ai, Ai, Ai, Ai, Aa^Efm, Aa^Fda, Aa^Fda, Aa
Gg^Fp, Ha^Fpa, Aa^Fpa, Aa^Efm, Aa^Fpa, Ai, Ai, Ai, Ai, Ai, Aa^Ii, Aa, Ai, Aa^Feth, Ai, Ai^Bsb\, Aa^Efm, Aa^Ii, Cva, Cva, Kva, Cva, Cva, Aa^Feth, Ai, Ai, Ai, Ai, Aa, Aa^Esd, Aa, Aa
Aa^Fpa, Ha, Aa^Fpa, Aa, Aa^Efm, Aa^Efm, Ai, Ai, Ai, Ai, Ai, Ai, Ai, Ai, Ai, Ai, Aa^Feth, Cva, Rra, Rra^Vea, Rra, Rra, Rra, Cva, Ai, Ai, Ai, Aa^Vea, Ai, Ai, Ai, Ai
Aa, Aa, Aa^Vea, Aa^Fma, Aa^Feth, Aa^Fda, Ai, Ai, Ai, Ai, Ai, Ai, Ai, Ai, Ai^Bsb/, Aa, Aa^Ii, Aa, Cva, Rra, Rra, Rra^Vea, Cva, Aa^Ii, Ai^Bsb\, Ai, Ai, Ai, Ai, Aa, Aa^Fda, Aa
Ha, Aa, Ha^Fpa, Aa, Aa, Aa^Fpa, Ai, Ai, Ai, Ai, Ai, Ai, Aa^Vea, Aa, Ai, Ai, Aa, Aa, Aa^Ii, Cva, Kva, Cva, Aa, Ai, Ai, Ai^Bsb\, Ai^Bsb\, Ai, Aa^Fda, Aa, Aa^Fda, Aa^Fda
Ms, Ha, Aa^Fpa, Ha^Fpa, Ha, Aa^Efm, Aa^Fpa, Aa^Efm, Ai, Ai, Ai, Aa^Feth, Aa^Efm, Aa^Ii, Ai, Ai, Ai, Aa^Feth, Aa, Aa, Aa^Ii, Aa^Feth, Ai, Ai, Ai, Ai, Ai, Aa, Aa, Aa, Aa^Efm, Aa
Ha^Fpa, Ms, Ha^Fpa, Aa^Efm, Aa, Aa^Fma, Aa, Ai, Ai, Ai, Ai, Ai, Aa^Feth, Aa^Feth, Aa, Ai, Ai, Aa^Vea, Aa^Ii, Aa, Aa, Ai, Ai, Ai, Ai, Ai, Ai, Aa^Fda, Aa, Aa^Efm, Aa^Fma, Aa
Ha^Fp, Aa, Aa, Aa^Fma, Aa^Fpa, Aa^Efm, Ai, Ai, Aa^Feth, Ai, Ai, Ai, Ai^Bsb/, Aa^Ii, Ai, Ai, Ai, Ai, Ai, Aa^Feth, Ai, Ai, Ai, Ai, Ai, Aa^Fda, Aa, Aa^Fda, Aa^Efm, Aa^Fma, Aa, Aa
Aa, Ha^Fpa, Ha^Fpa, Aa^Efm, Aa^Efm, Ai, Aa, Aa^Efm, Aa, Aa^Fma, Aa, Ai^Bsb/, Ai, Ai, Ai, Ai, Ai, Ai, Ai, Ai, Ai, Ai, Ai, Ai, Aa, Aa, Aa^Fma, Aa, Aa, Aa^Efm, Aa^Efm, Aa^Fda
Aa, Aa^Fpa, Aa^Efm, Aa^Fpa, Aa^Fma, Ai, Ai, Aa^Fpa, Aa^Fpa, Aa^Fma, Aa, Aa^Fpa, Ai, Ai, Ai, Ai, Ai, Ai, Ai, Ai, Ai, Ai, Ai, Ai, Aa, Aa^Fma, Aa^Feth, Aa^Fda, Aa^Fma, Aa^Fma, Aa^Vwm, Aa^Fda
Mm, Aa, Aa^Fpa, Aa^Fma, Ha, Ha^Fma, Ai, Aa, Ha, Aa^Fpa, Aa, Aa^Fpa, Aa^Fda, Aa^Fpa, Aa^Fpa, Ai, Ai, Ai, Ai, Ai, Aa^Fda, Aa, Aa, Aa^Fda, Aa, Aa, Aa^Fma, Aa, Aa, Aa^Fma, Aa^Efm, Aa
Ha^Fpa, Ms^Fpa, Ha^Fpa, Aa^Fma, Aa^Esd, Ha, Ai, Aa, Ha^Fpa, Aa^Fpa, Aa, Aa^Fpa, Aa^Fpa, Aa^Fpa, Aa^Fma, Ai, Aa, Aa^Feth, Aa^Fda, Ai, Aa, Aa, Aa, Aa^Fma, Aa, Aa^Fma, Aa, Aa^Fda, Aa^Efm, Aa, Aa, Aa
Ai, Ha^Fpa, Ai, Aa, Wwg, Ai, Aa, Ha^Fpa, Ha^Fpa, Aa, Aa^Fma, Aa, Aa^Fpa, Aa, Aa^Fma, Aa^Fma, Aa, Aa^Fda, Aa^Fma, Aa, Aa^Fma, Aa, Aa, Aa^Fma, Aa, Aa, Aa^Fda, Aa^Esd, Aa^Efm, Aa^Fma, Aa^Fma, Aa^Fma
Ha^Fpa, Ai, Ha, Ai, Aa^Efm, Aa^Efm, Aa^Fma, Ha, Aa^Fpa, Aa, Aa, Aa, Aa^Fpa, Aa^Esd, Aa^Fma, Aa, Aa^Fma, Aa^Fma, Aa, Aa, Aa^Fma, Aa, Aa^Fma, Aa^Fma, Aa^Fma, Aa^Fma, Aa^Fma, Aa, Aa^Fda, Aa, Aa^Efm, Aa
Ha^Fpa, Ha^Fpa, Ha^Fpa, Aa^Efm, Ha^Fpa, Aa^Fpa, Aa, Aa^Fma, Aa, Aa^Fma, Aa^Vea, Aa, Aa, Aa, Aa, Aa, Aa^Fpa, Aa, Aa, Aa^Fma, Aa^Fma, Aa^Fma, Aa, Aa, Aa^Vea, Aa^Fma, Aa^Fma, Aa, Aa^Fma, Aa, Aa, Aa
Ha^Fpa, Ha^Fpa, Aa^Efm, Aa, Ha, Aa, Aa^Efm, Aa^Fma, Aa^Fpa, Aa, Aa^Fma, Aa, Aa^Fma, Aa, Aa^Fda, Aa^Fda, Aa, Aa, Aa^Fma, Aa^Fda, Aa^Fda, Aa, Aa^Fma, Aa^Efm, Aa, Aa^Fma, Aa, Aa, Aa^Efm, Aa^Esd, Aa, Aa^Fma
Aa, Aa, Aa^Efm, Aa, Aa, Aa, Aa^Fpa, Aa^Fpa, Aa^Fpa, Aa, Aa^Fma, Aa^Fma, Aa^Fpa, Aa, Aa^Fda, Aa^Efm, Aa, Aa^Fma, Aa^Fma, Aa^Fma, Aa, Aa^Fma, Aa^Fda, Aa^Fma, Aa, Aa^Fma, Aa^Efm, Aa^Fda, Aa, Aa^Fma, Aa, Aa^Fma
Aa, Aa^Fpa, Aa^Fpa, Aa^Fpa, Aa^Fpa, Aa, Aa^Fpa, Ha^Fpa, Ha, Aa^Fpa, Aa, Aa, Aa, Aa, Aa^Fma, Aa, Aa^Esd, Aa^Fda, Aa, Aa^Efm, Aa, Aa^Fma, Aa^Fma, Aa^Fda, Aa^Fma, Aa^Fma, Aa, Aa^Efm, Aa^Efm, Aa^Fma, Aa^Fma, Aa
Aa, Aa, Ha, Ha, Ha, Ha^Fpa, Ha, Ha, Hh, Ha^Fpa, Aa, Aa^Fda, Aa, Aa^Fma, Aa, Aa, Aa^Fma, Aa^Fma, Aa, Aa, Aa^Fms, Aa^Fma, Aa^Fma, Aa^Fma, Aa, Aa^Fma, Aa^Fma, Aa, Aa, Aa, Aa, Aa
